Microchip MPLAB XC8 Compiler V2.00 ()

Linker command line:

-W-3 --edf=C:\Program Files (x86)\Microchip\xc8\v2.00\pic\dat\en_msgs.txt \
  -cs -h+dist/default/production\Farol_disp7seg.X.production.sym \
  --cmf=dist/default/production\Farol_disp7seg.X.production.cmf -z -Q16F887 \
  -oC:\Users\20185315\AppData\Local\Temp\sa38.2 \
  -Mdist/default/production/Farol_disp7seg.X.production.map -E1 -ver=XC8 \
  --acfsm=1493 -ASTACK=0110h-016fh -pstack=STACK -ACODE=00h-07FFhx4 \
  -ASTRCODE=00h-01FFFh -ASTRING=00h-0FFhx32 -ACONST=00h-0FFhx32 \
  -AENTRY=00h-0FFhx32 -ACOMMON=070h-07Fh -ABANK0=020h-06Fh \
  -ABANK1=0A0h-0EFh -ABANK2=0110h-016Fh -ABANK3=0190h-01EFh \
  -ARAM=020h-06Fh,0A0h-0EFh,0110h-016Fh,0190h-01EFh \
  -AABS1=020h-07Fh,0A0h-0EFh,0110h-016Fh,0190h-01EFh -ASFR0=00h-01Fh \
  -ASFR1=080h-09Fh -ASFR2=0100h-010Fh -ASFR3=0180h-018Fh \
  -preset_vec=00h,intentry,init,end_init -ppowerup=CODE -pcinit=CODE \
  -pfunctab=ENTRY -ACONFIG=02007h-02008h -pconfig=CONFIG -DCONFIG=2 \
  -AIDLOC=02000h-02003h -pidloc=IDLOC -DIDLOC=2 -AEEDATA=00h-0FFh/02100h \
  -peeprom_data=EEDATA -DEEDATA=2 -DCODE=2 -DSTRCODE=2 -DSTRING=2 -DCONST=2 \
  -DENTRY=2 -k C:\Users\20185315\AppData\Local\Temp\sa38.o \
  dist/default/production\Farol_disp7seg.X.production.o 

Object code version is 3.11

Machine type is 16F887



                Name                               Link     Load   Length Selector   Space Scale
C:\Users\20185315\AppData\Local\Temp\sa38.o
                end_init                              0        0        3        0       0
                config                             2007     2007        2     400E       0
dist/default/production\Farol_disp7seg.X.production.o
                cinit                               7EE      7EE       12      FDC       0
                text11                              655      655        6      CAA       0
                text10                              647      647        4      C8E       0
                text9                               67B      67B        C      CF6       0
                text8                               6BD      6BD       17      D7A       0
                text7                               667      667        A      CCE       0
                text6                               671      671        A      CE2       0
                text5                               698      698       12      D30       0
                text4                               65B      65B        6      CB6       0
                text3                               64B      64B        5      C96       0
                text2                               661      661        6      CC2       0
                text1                               650      650        5      CA0       0
                maintext                            6D4      6D4      11A      DA8       0
                cstackCOMMON                         70       70        9       70       1
                inittext                            6AA      6AA       13      D54       0
                dataBANK0                            20       20       11       20       1
                idataBANK0                          687      687       11      D0E       0

TOTAL           Name                               Link     Load   Length     Space
        CLASS   STACK          

        CLASS   CODE           
                end_init                              0        0        3         0
                cinit                               7EE      7EE       12         0
                text11                              655      655        6         0
                text10                              647      647        4         0
                text9                               67B      67B        C         0
                text8                               6BD      6BD       17         0
                text7                               667      667        A         0
                text6                               671      671        A         0
                text5                               698      698       12         0
                text4                               65B      65B        6         0
                text3                               64B      64B        5         0
                text2                               661      661        6         0
                text1                               650      650        5         0
                maintext                            6D4      6D4      11A         0
                inittext                            6AA      6AA       13         0
                idataBANK0                          687      687       11         0

        CLASS   STRCODE        

        CLASS   STRING         

        CLASS   CONST          

        CLASS   ENTRY          

        CLASS   COMMON         
                cstackCOMMON                         70       70        9         1

        CLASS   BANK0          
                dataBANK0                            20       20       11         1

        CLASS   BANK1          

        CLASS   BANK2          

        CLASS   BANK3          

        CLASS   RAM            

        CLASS   ABS1           
                abs_s1                               7E       7E        2         1

        CLASS   SFR0           

        CLASS   SFR1           

        CLASS   SFR2           

        CLASS   SFR3           

        CLASS   CONFIG         
                config                             2007     2007        2         0

        CLASS   IDLOC          

        CLASS   EEDATA         



SEGMENTS        Name                           Load    Length   Top    Selector   Space  Class     Delta

                reset_vec                      000000  000003  000003         0       0  CODE        2
                dataBANK0                      000020  000011  000031        20       1  BANK0       1
                cstackCOMMON                   000070  000009  000079        70       1  COMMON      1
                text10                         000647  000004  00064B       C8E       0  CODE        2
                text3                          00064B  000005  000650       C96       0  CODE        2
                text1                          000650  000005  000655       CA0       0  CODE        2
                text11                         000655  000006  00065B       CAA       0  CODE        2
                text4                          00065B  000006  000661       CB6       0  CODE        2
                text2                          000661  000006  000667       CC2       0  CODE        2
                text7                          000667  00000A  000671       CCE       0  CODE        2
                text6                          000671  00000A  00067B       CE2       0  CODE        2
                text9                          00067B  00000C  000687       CF6       0  CODE        2
                idataBANK0                     000687  000011  000698       D0E       0  CODE        2
                text5                          000698  000012  0006AA       D30       0  CODE        2
                inittext                       0006AA  000013  0006BD       D54       0  CODE        2
                text8                          0006BD  000017  0006D4       D7A       0  CODE        2
                maintext                       0006D4  00011A  0007EE       DA8       0  CODE        2
                cinit                          0007EE  000012  000800       FDC       0  CODE        2
                config                         002007  000002  002009      400E       0  CONFIG      2


UNUSED ADDRESS RANGES

        Name                Unused          Largest block    Delta
        BANK0            0031-006F             3F           1
        BANK1            00A0-00EF             50           1
        BANK2            0110-016F             60           1
        BANK3            0190-01EF             60           1
        CODE             0003-0646            644           2
                         0800-1FFF            800
        COMMON           0079-007D              5           1
        CONST            0003-0646            100           2
                         0800-1FFF            100
        EEDATA           2100-21FF            100           2
        ENTRY            0003-0646            100           2
                         0800-1FFF            100
        IDLOC            2000-2003              4           2
        RAM              0031-006F             3F           1
                         00A0-00EF             50
                         0110-016F             60
                         0190-01EF             60
        SFR0             0000-001F             20           1
        SFR1             0080-009F             20           1
        SFR2             0100-010F             10           1
        SFR3             0180-018F             10           1
        STACK            0110-016F             60           1
        STRCODE          0003-0646            644           2
                         0800-1FFF           1800
        STRING           0003-0646            100           2
                         0800-1FFF            100

                                  Symbol Table

?_botao_ped               cstackCOMMON 0070
_ANSELH                   (abs)        0189
_PORTB                    (abs)        0006
_PORTDbits                (abs)        0008
_TRISB                    (abs)        0086
_TRISDbits                (abs)        0088
__CFG_BOR4V$BOR40V        (abs)        0000
__CFG_BOREN$OFF           (abs)        0000
__CFG_CP$OFF              (abs)        0000
__CFG_CPD$OFF             (abs)        0000
__CFG_FCMEN$OFF           (abs)        0000
__CFG_FOSC$INTRC_NOCLKOUT (abs)        0000
__CFG_IESO$OFF            (abs)        0000
__CFG_LVP$OFF             (abs)        0000
__CFG_MCLRE$OFF           (abs)        0000
__CFG_PWRTE$OFF           (abs)        0000
__CFG_WDTE$OFF            (abs)        0000
__CFG_WRT$OFF             (abs)        0000
__Habs1                   abs1         0000
__Hbank0                  bank0        0000
__Hbank1                  bank1        0000
__Hbank2                  bank2        0000
__Hbank3                  bank3        0000
__Hcinit                  cinit        0800
__Hclrtext                clrtext      0000
__Hcode                   code         0000
__Hcommon                 common       0000
__Hconfig                 config       2009
__HcstackCOMMON           cstackCOMMON 0000
__HdataBANK0              dataBANK0    0000
__Heeprom_data            eeprom_data  0000
__Hend_init               end_init     0003
__Hfunctab                functab      0000
__HidataBANK0             idataBANK0   0000
__Hidloc                  idloc        0000
__Hinit                   init         0000
__Hinittext               inittext     0000
__Hintentry               intentry     0000
__Hmaintext               maintext     0000
__Hpowerup                powerup      0000
__Hram                    ram          0000
__Hreset_vec              reset_vec    0000
__Hsfr0                   sfr0         0000
__Hsfr1                   sfr1         0000
__Hsfr2                   sfr2         0000
__Hsfr3                   sfr3         0000
__Hspace_0                (abs)        2009
__Hspace_1                (abs)        0079
__Hspace_2                (abs)        0000
__Hspace_3                (abs)        0000
__Hstack                  stack        0000
__Hstrings                strings      0000
__Htext                   text         0000
__Labs1                   abs1         0000
__Lbank0                  bank0        0000
__Lbank1                  bank1        0000
__Lbank2                  bank2        0000
__Lbank3                  bank3        0000
__Lcinit                  cinit        07EE
__Lclrtext                clrtext      0000
__Lcode                   code         0000
__Lcommon                 common       0000
__Lconfig                 config       2007
__LcstackCOMMON           cstackCOMMON 0000
__LdataBANK0              dataBANK0    0000
__Leeprom_data            eeprom_data  0000
__Lend_init               end_init     0000
__Lfunctab                functab      0000
__LidataBANK0             idataBANK0   0000
__Lidloc                  idloc        0000
__Linit                   init         0000
__Linittext               inittext     0000
__Lintentry               intentry     0000
__Lmaintext               maintext     0000
__Lpowerup                powerup      0000
__Lram                    ram          0000
__Lreset_vec              reset_vec    0000
__Lsfr0                   sfr0         0000
__Lsfr1                   sfr1         0000
__Lsfr2                   sfr2         0000
__Lsfr3                   sfr3         0000
__Lspace_0                (abs)        0000
__Lspace_1                (abs)        0000
__Lspace_2                (abs)        0000
__Lspace_3                (abs)        0000
__Lstack                  stack        0000
__Lstrings                strings      0000
__Ltext                   text         0000
__S0                      (abs)        2009
__S1                      (abs)        0079
__S2                      (abs)        0000
__S3                      (abs)        0000
___int_sp                 stack        0000
___latbits                (abs)        0002
___sp                     stack        0000
__end_of__initialization  cinit        07FC
__end_of_amarelo          text11       065B
__end_of_botao_init       text10       064B
__end_of_botao_ped        text9        0687
__end_of_delay            text8        06D4
__end_of_disp7seg         text7        0671
__end_of_disp7seg_init    text6        067B
__end_of_main             maintext     07EE
__end_of_semaforo_init    text5        06AA
__end_of_verde            text4        0661
__end_of_verde_ped        text3        0650
__end_of_vermelho         text2        0667
__end_of_vermelho_ped     text1        0655
__initialization          cinit        07EE
__pcstackCOMMON           cstackCOMMON 0070
__pdataBANK0              dataBANK0    0020
__pidataBANK0             idataBANK0   0687
__pmaintext               maintext     06D4
__ptext1                  text1        0650
__ptext10                 text10       0647
__ptext11                 text11       0655
__ptext2                  text2        0661
__ptext3                  text3        064B
__ptext4                  text4        065B
__ptext5                  text5        0698
__ptext6                  text6        0671
__ptext7                  text7        0667
__ptext8                  text8        06BD
__ptext9                  text9        067B
__size_of_amarelo         (abs)        0000
__size_of_botao_init      (abs)        0000
__size_of_botao_ped       (abs)        0000
__size_of_delay           (abs)        0000
__size_of_disp7seg        (abs)        0000
__size_of_disp7seg_init   (abs)        0000
__size_of_main            (abs)        0000
__size_of_semaforo_init   (abs)        0000
__size_of_verde           (abs)        0000
__size_of_verde_ped       (abs)        0000
__size_of_vermelho        (abs)        0000
__size_of_vermelho_ped    (abs)        0000
_amarelo                  text11       0655
_botao_init               text10       0647
_botao_ped                text9        067B
_delay                    text8        06BD
_disp7seg                 text7        0667
_disp7seg_init            text6        0671
_main                     maintext     06D4
_semaforo_init            text5        0698
_verde                    text4        065B
_verde_ped                text3        064B
_vermelho                 text2        0661
_vermelho_ped             text1        0650
_vetor                    dataBANK0    0020
btemp                     (abs)        007E
delay@t                   cstackCOMMON 0070
disp7seg@c                cstackCOMMON 0070
end_of_initialization     cinit        07FC
init_fetch0               inittext     06AA
init_ram0                 inittext     06AE
intlevel0                 functab      0000
intlevel1                 functab      0000
intlevel2                 functab      0000
intlevel3                 functab      0000
intlevel4                 functab      0000
intlevel5                 functab      0000
main@cont                 cstackCOMMON 0077
main@estado               cstackCOMMON 0076
reset_vec                 reset_vec    0000
stackhi                   (abs)        0000
stacklo                   (abs)        0000
start                     init         0000
start_initialization      cinit        07EE
wtemp0                    (abs)        007E


FUNCTION INFORMATION:

 *************** function _main *****************
 Defined at:
		line 16 in file "main.c"
 Parameters:    Size  Location     Type
		None
 Auto vars:     Size  Location     Type
  cont            2    7[COMMON] int 
  estado          1    6[COMMON] unsigned char 
 Return value:  Size  Location     Type
                  1    wreg      void 
 Registers used:
		wreg, fsr0l, fsr0h, status,2, status,0, pclath, cstack
 Tracked objects:
		On entry : 
		On exit  : 
		Unchanged: 
 Data sizes:     COMMON   BANK0   BANK1   BANK3   BANK2
      Params:         0       0       0       0       0
      Locals:         3       0       0       0       0
      Temps:          2       0       0       0       0
      Totals:         5       0       0       0       0
Total ram usage:        5 bytes
 Hardware stack levels required when called:    1
 This function calls:
		_amarelo
		_botao_init
		_botao_ped
		_delay
		_disp7seg
		_disp7seg_init
		_semaforo_init
		_verde
		_verde_ped
		_vermelho
		_vermelho_ped
 This function is called by:
		Startup code after reset
 This function uses a non-reentrant model


 *************** function _vermelho_ped *****************
 Defined at:
		line 52 in file "Semaforo.c"
 Parameters:    Size  Location     Type
		None
 Auto vars:     Size  Location     Type
		None
 Return value:  Size  Location     Type
                  1    wreg      void 
 Registers used:
		None
 Tracked objects:
		On entry : 
		On exit  : 
		Unchanged: 
 Data sizes:     COMMON   BANK0   BANK1   BANK3   BANK2
      Params:         0       0       0       0       0
      Locals:         0       0       0       0       0
      Temps:          0       0       0       0       0
      Totals:         0       0       0       0       0
Total ram usage:        0 bytes
 Hardware stack levels used:    1
 This function calls:
		Nothing
 This function is called by:
		_main
 This function uses a non-reentrant model


 *************** function _vermelho *****************
 Defined at:
		line 41 in file "Semaforo.c"
 Parameters:    Size  Location     Type
		None
 Auto vars:     Size  Location     Type
		None
 Return value:  Size  Location     Type
                  1    wreg      void 
 Registers used:
		None
 Tracked objects:
		On entry : 
		On exit  : 
		Unchanged: 
 Data sizes:     COMMON   BANK0   BANK1   BANK3   BANK2
      Params:         0       0       0       0       0
      Locals:         0       0       0       0       0
      Temps:          0       0       0       0       0
      Totals:         0       0       0       0       0
Total ram usage:        0 bytes
 Hardware stack levels used:    1
 This function calls:
		Nothing
 This function is called by:
		_main
 This function uses a non-reentrant model


 *************** function _verde_ped *****************
 Defined at:
		line 47 in file "Semaforo.c"
 Parameters:    Size  Location     Type
		None
 Auto vars:     Size  Location     Type
		None
 Return value:  Size  Location     Type
                  1    wreg      void 
 Registers used:
		None
 Tracked objects:
		On entry : 
		On exit  : 
		Unchanged: 
 Data sizes:     COMMON   BANK0   BANK1   BANK3   BANK2
      Params:         0       0       0       0       0
      Locals:         0       0       0       0       0
      Temps:          0       0       0       0       0
      Totals:         0       0       0       0       0
Total ram usage:        0 bytes
 Hardware stack levels used:    1
 This function calls:
		Nothing
 This function is called by:
		_main
 This function uses a non-reentrant model


 *************** function _verde *****************
 Defined at:
		line 29 in file "Semaforo.c"
 Parameters:    Size  Location     Type
		None
 Auto vars:     Size  Location     Type
		None
 Return value:  Size  Location     Type
                  1    wreg      void 
 Registers used:
		None
 Tracked objects:
		On entry : 
		On exit  : 
		Unchanged: 
 Data sizes:     COMMON   BANK0   BANK1   BANK3   BANK2
      Params:         0       0       0       0       0
      Locals:         0       0       0       0       0
      Temps:          0       0       0       0       0
      Totals:         0       0       0       0       0
Total ram usage:        0 bytes
 Hardware stack levels used:    1
 This function calls:
		Nothing
 This function is called by:
		_main
 This function uses a non-reentrant model


 *************** function _semaforo_init *****************
 Defined at:
		line 13 in file "Semaforo.c"
 Parameters:    Size  Location     Type
		None
 Auto vars:     Size  Location     Type
		None
 Return value:  Size  Location     Type
                  1    wreg      void 
 Registers used:
		None
 Tracked objects:
		On entry : 
		On exit  : 
		Unchanged: 
 Data sizes:     COMMON   BANK0   BANK1   BANK3   BANK2
      Params:         0       0       0       0       0
      Locals:         0       0       0       0       0
      Temps:          0       0       0       0       0
      Totals:         0       0       0       0       0
Total ram usage:        0 bytes
 Hardware stack levels used:    1
 This function calls:
		Nothing
 This function is called by:
		_main
 This function uses a non-reentrant model


 *************** function _disp7seg_init *****************
 Defined at:
		line 16 in file "display7seg.c"
 Parameters:    Size  Location     Type
		None
 Auto vars:     Size  Location     Type
		None
 Return value:  Size  Location     Type
                  1    wreg      void 
 Registers used:
		status,2
 Tracked objects:
		On entry : 
		On exit  : 
		Unchanged: 
 Data sizes:     COMMON   BANK0   BANK1   BANK3   BANK2
      Params:         0       0       0       0       0
      Locals:         0       0       0       0       0
      Temps:          0       0       0       0       0
      Totals:         0       0       0       0       0
Total ram usage:        0 bytes
 Hardware stack levels used:    1
 This function calls:
		Nothing
 This function is called by:
		_main
 This function uses a non-reentrant model


 *************** function _disp7seg *****************
 Defined at:
		line 22 in file "display7seg.c"
 Parameters:    Size  Location     Type
  c               1    wreg     unsigned char 
 Auto vars:     Size  Location     Type
  c               1    0[COMMON] unsigned char 
 Return value:  Size  Location     Type
                  1    wreg      void 
 Registers used:
		wreg, fsr0l, fsr0h, status,2, status,0
 Tracked objects:
		On entry : 
		On exit  : 
		Unchanged: 
 Data sizes:     COMMON   BANK0   BANK1   BANK3   BANK2
      Params:         0       0       0       0       0
      Locals:         1       0       0       0       0
      Temps:          0       0       0       0       0
      Totals:         1       0       0       0       0
Total ram usage:        1 bytes
 Hardware stack levels used:    1
 This function calls:
		Nothing
 This function is called by:
		_main
 This function uses a non-reentrant model


 *************** function _delay *****************
 Defined at:
		line 12 in file "delay.c"
 Parameters:    Size  Location     Type
  t               2    0[COMMON] int 
 Auto vars:     Size  Location     Type
		None
 Return value:  Size  Location     Type
                  1    wreg      void 
 Registers used:
		wreg, status,2, status,0
 Tracked objects:
		On entry : 
		On exit  : 
		Unchanged: 
 Data sizes:     COMMON   BANK0   BANK1   BANK3   BANK2
      Params:         2       0       0       0       0
      Locals:         0       0       0       0       0
      Temps:          1       0       0       0       0
      Totals:         3       0       0       0       0
Total ram usage:        3 bytes
 Hardware stack levels used:    1
 This function calls:
		Nothing
 This function is called by:
		_main
 This function uses a non-reentrant model


 *************** function _botao_ped *****************
 Defined at:
		line 16 in file "botoes.c"
 Parameters:    Size  Location     Type
		None
 Auto vars:     Size  Location     Type
		None
 Return value:  Size  Location     Type
                  2    0[COMMON] int 
 Registers used:
		wreg, status,2, status,0
 Tracked objects:
		On entry : 
		On exit  : 
		Unchanged: 
 Data sizes:     COMMON   BANK0   BANK1   BANK3   BANK2
      Params:         2       0       0       0       0
      Locals:         0       0       0       0       0
      Temps:          2       0       0       0       0
      Totals:         4       0       0       0       0
Total ram usage:        4 bytes
 Hardware stack levels used:    1
 This function calls:
		Nothing
 This function is called by:
		_main
 This function uses a non-reentrant model


 *************** function _botao_init *****************
 Defined at:
		line 11 in file "botoes.c"
 Parameters:    Size  Location     Type
		None
 Auto vars:     Size  Location     Type
		None
 Return value:  Size  Location     Type
                  1    wreg      void 
 Registers used:
		None
 Tracked objects:
		On entry : 
		On exit  : 
		Unchanged: 
 Data sizes:     COMMON   BANK0   BANK1   BANK3   BANK2
      Params:         0       0       0       0       0
      Locals:         0       0       0       0       0
      Temps:          0       0       0       0       0
      Totals:         0       0       0       0       0
Total ram usage:        0 bytes
 Hardware stack levels used:    1
 This function calls:
		Nothing
 This function is called by:
		_main
 This function uses a non-reentrant model


 *************** function _amarelo *****************
 Defined at:
		line 35 in file "Semaforo.c"
 Parameters:    Size  Location     Type
		None
 Auto vars:     Size  Location     Type
		None
 Return value:  Size  Location     Type
                  1    wreg      void 
 Registers used:
		None
 Tracked objects:
		On entry : 
		On exit  : 
		Unchanged: 
 Data sizes:     COMMON   BANK0   BANK1   BANK3   BANK2
      Params:         0       0       0       0       0
      Locals:         0       0       0       0       0
      Temps:          0       0       0       0       0
      Totals:         0       0       0       0       0
Total ram usage:        0 bytes
 Hardware stack levels used:    1
 This function calls:
		Nothing
 This function is called by:
		_main
 This function uses a non-reentrant model



MODULE INFORMATION

Module		Function		Class		Link	Load	Size
delay.c
		_delay         		CODE           	06BD	0000	24

delay.c estimated size: 24

botoes.c
		_botao_ped     		CODE           	067B	0000	13
		_botao_init    		CODE           	0647	0000	5

botoes.c estimated size: 18

Semaforo.c
		_verde_ped     		CODE           	064B	0000	6
		_amarelo       		CODE           	0655	0000	7
		_verde         		CODE           	065B	0000	7
		_semaforo_init 		CODE           	0698	0000	19
		_vermelho      		CODE           	0661	0000	7
		_vermelho_ped  		CODE           	0650	0000	6

Semaforo.c estimated size: 52

shared
		__initialization		CODE           	07EE	0000	15

shared estimated size: 15

display7seg.c
		_disp7seg      		CODE           	0667	0000	11
		_disp7seg_init 		CODE           	0671	0000	11

display7seg.c estimated size: 22

main.c
		_main          		CODE           	06D4	0000	283

main.c estimated size: 283

